<?xml version="1.0" encoding="UTF-8"?>
<TestRun id="4cdb1982-a111-4ae1-b751-d3e142bbce14" name="Niels Reloe@PC_VAN_NIELSREL 2009-06-14 19:01:07" runUser="PC_van_NielsRel\Niels Reloe" xmlns="http://microsoft.com/schemas/VisualStudio/TeamTest/2006">
  <TestRunConfiguration name="Local Test Run" id="111b5848-a74c-401f-9ba6-beca4dd0085f">
    <Description>This is a default test run configuration for a local test run.</Description>
    <Deployment runDeploymentRoot="G:\Niels Reloe\Downloads\School\P4\PTS22\Subversion\pts41grp2080903\PTS22\ReparatieSysteem\TestResults\Niels Reloe_PC_VAN_NIELSREL 2009-06-14 19_01_07">
      <DeploymentItem filename="G:\Niels Reloe\Downloads\School\P4\PTS22\Subversion\pts41grp2080903\PTS22\ReparatieSysteem\ReparatieSysteem\bin\Debug\ReparatieSysteem.exe" />
    </Deployment>
    <TestTypeSpecific />
  </TestRunConfiguration>
  <ResultSummary outcome="Failed">
    <Counters total="8" executed="8" passed="4" error="0" failed="3" timeout="0" aborted="0" inconclusive="1" passedButRunAborted="0" notRunnable="0" notExecuted="0" disconnected="0" warning="0" completed="0" inProgress="0" pending="0" />
  </ResultSummary>
  <Times creation="2009-06-14T19:01:07.8326000+02:00" queuing="2009-06-14T19:01:09.6826000+02:00" start="2009-06-14T19:01:10.1236000+02:00" finish="2009-06-14T19:01:11.6546000+02:00" />
  <TestDefinitions>
    <UnitTest name="EmailTest" storage="g:\niels reloe\downloads\school\p4\pts22\subversion\pts41grp2080903\pts22\reparatiesysteem\reparatiesysteemtest\bin\debug\reparatiesysteemtest.dll" id="5881433c-5b5c-6245-3983-840fce5d9a9c">
      <Css projectStructure="" iteration="" />
      <Owners>
        <Owner name="" />
      </Owners>
      <Execution id="4227d810-614b-485d-8b52-563a6f786aff" />
      <TestMethod codeBase="G:\Niels Reloe\Downloads\School\P4\PTS22\Subversion\pts41grp2080903\PTS22\ReparatieSysteem\ReparatieSysteemTest\bin\Debug\ReparatieSysteemTest.dll" adapterTypeName="Microsoft.VisualStudio.TestTools.TestTypes.Unit.UnitTestAdapter, Microsoft.VisualStudio.QualityTools.Tips.UnitTest.Adapter, Version=9.0.0.0, Culture=neutral, PublicKeyToken=b03f5f7f11d50a3a" className="ReparatieSysteemTest.KlantTest, ReparatieSysteemTest" name="EmailTest" />
    </UnitTest>
    <UnitTest name="WijzigEnGetKlant2" storage="g:\niels reloe\downloads\school\p4\pts22\subversion\pts41grp2080903\pts22\reparatiesysteem\reparatiesysteemtest\bin\debug\reparatiesysteemtest.dll" id="075b5c6c-876e-f86c-16ee-c18b2a8c751c">
      <Css projectStructure="" iteration="" />
      <Owners>
        <Owner name="" />
      </Owners>
      <Execution id="4d6dbe65-c149-471b-a0cf-d6d6712a4de5" />
      <TestMethod codeBase="G:\Niels Reloe\Downloads\School\P4\PTS22\Subversion\pts41grp2080903\PTS22\ReparatieSysteem\ReparatieSysteemTest\bin\Debug\ReparatieSysteemTest.dll" adapterTypeName="Microsoft.VisualStudio.TestTools.TestTypes.Unit.UnitTestAdapter, Microsoft.VisualStudio.QualityTools.Tips.UnitTest.Adapter, Version=9.0.0.0, Culture=neutral, PublicKeyToken=b03f5f7f11d50a3a" className="ReparatieSysteemTest.ReparatieSysteemTest, ReparatieSysteemTest" name="WijzigEnGetKlant2" />
    </UnitTest>
    <UnitTest name="TelefoonTest" storage="g:\niels reloe\downloads\school\p4\pts22\subversion\pts41grp2080903\pts22\reparatiesysteem\reparatiesysteemtest\bin\debug\reparatiesysteemtest.dll" id="5b9ecc0d-5801-74d8-1a5a-06011bab3682">
      <Css projectStructure="" iteration="" />
      <Owners>
        <Owner name="" />
      </Owners>
      <Execution id="3cf8fa8c-4304-477a-a7d9-9a922f9ecec5" />
      <TestMethod codeBase="G:\Niels Reloe\Downloads\School\P4\PTS22\Subversion\pts41grp2080903\PTS22\ReparatieSysteem\ReparatieSysteemTest\bin\Debug\ReparatieSysteemTest.dll" adapterTypeName="Microsoft.VisualStudio.TestTools.TestTypes.Unit.UnitTestAdapter, Microsoft.VisualStudio.QualityTools.Tips.UnitTest.Adapter, Version=9.0.0.0, Culture=neutral, PublicKeyToken=b03f5f7f11d50a3a" className="ReparatieSysteemTest.KlantTest, ReparatieSysteemTest" name="TelefoonTest" />
    </UnitTest>
    <UnitTest name="LandTest" storage="g:\niels reloe\downloads\school\p4\pts22\subversion\pts41grp2080903\pts22\reparatiesysteem\reparatiesysteemtest\bin\debug\reparatiesysteemtest.dll" id="90c80d99-fb16-44d2-271c-0c5d14725a36">
      <Css projectStructure="" iteration="" />
      <Owners>
        <Owner name="" />
      </Owners>
      <Execution id="3e3b936c-9d2e-4432-97db-3cd59193cbe4" />
      <TestMethod codeBase="G:\Niels Reloe\Downloads\School\P4\PTS22\Subversion\pts41grp2080903\PTS22\ReparatieSysteem\ReparatieSysteemTest\bin\Debug\ReparatieSysteemTest.dll" adapterTypeName="Microsoft.VisualStudio.TestTools.TestTypes.Unit.UnitTestAdapter, Microsoft.VisualStudio.QualityTools.Tips.UnitTest.Adapter, Version=9.0.0.0, Culture=neutral, PublicKeyToken=b03f5f7f11d50a3a" className="ReparatieSysteemTest.KlantTest, ReparatieSysteemTest" name="LandTest" />
    </UnitTest>
    <UnitTest name="KlantConstructorTest" storage="g:\niels reloe\downloads\school\p4\pts22\subversion\pts41grp2080903\pts22\reparatiesysteem\reparatiesysteemtest\bin\debug\reparatiesysteemtest.dll" id="2ec259d6-f749-b956-f7ae-e8b8b71e8ca3">
      <Css projectStructure="" iteration="" />
      <Owners>
        <Owner name="" />
      </Owners>
      <Execution id="84057c7c-698a-40ae-9bf2-3b9f1bcea48f" />
      <TestMethod codeBase="G:\Niels Reloe\Downloads\School\P4\PTS22\Subversion\pts41grp2080903\PTS22\ReparatieSysteem\ReparatieSysteemTest\bin\Debug\ReparatieSysteemTest.dll" adapterTypeName="Microsoft.VisualStudio.TestTools.TestTypes.Unit.UnitTestAdapter, Microsoft.VisualStudio.QualityTools.Tips.UnitTest.Adapter, Version=9.0.0.0, Culture=neutral, PublicKeyToken=b03f5f7f11d50a3a" className="ReparatieSysteemTest.KlantTest, ReparatieSysteemTest" name="KlantConstructorTest" />
    </UnitTest>
    <UnitTest name="WijzigEnGetKlant1" storage="g:\niels reloe\downloads\school\p4\pts22\subversion\pts41grp2080903\pts22\reparatiesysteem\reparatiesysteemtest\bin\debug\reparatiesysteemtest.dll" id="c8dbe165-9dfc-03fa-38da-dcb1682f2612">
      <Css projectStructure="" iteration="" />
      <Owners>
        <Owner name="" />
      </Owners>
      <Execution id="8fbb3f17-67d9-4d4e-a8a5-71a5e9eaff0b" />
      <TestMethod codeBase="G:\Niels Reloe\Downloads\School\P4\PTS22\Subversion\pts41grp2080903\PTS22\ReparatieSysteem\ReparatieSysteemTest\bin\Debug\ReparatieSysteemTest.dll" adapterTypeName="Microsoft.VisualStudio.TestTools.TestTypes.Unit.UnitTestAdapter, Microsoft.VisualStudio.QualityTools.Tips.UnitTest.Adapter, Version=9.0.0.0, Culture=neutral, PublicKeyToken=b03f5f7f11d50a3a" className="ReparatieSysteemTest.ReparatieSysteemTest, ReparatieSysteemTest" name="WijzigEnGetKlant1" />
    </UnitTest>
    <UnitTest name="ToStringMetTussenvoegselTest" storage="g:\niels reloe\downloads\school\p4\pts22\subversion\pts41grp2080903\pts22\reparatiesysteem\reparatiesysteemtest\bin\debug\reparatiesysteemtest.dll" id="95b3d186-9197-ac08-2a88-047d543b42d7">
      <Css projectStructure="" iteration="" />
      <Owners>
        <Owner name="" />
      </Owners>
      <Execution id="d8c8c23f-dde2-40c0-a62d-0b32c25868f5" />
      <TestMethod codeBase="G:\Niels Reloe\Downloads\School\P4\PTS22\Subversion\pts41grp2080903\PTS22\ReparatieSysteem\ReparatieSysteemTest\bin\Debug\ReparatieSysteemTest.dll" adapterTypeName="Microsoft.VisualStudio.TestTools.TestTypes.Unit.UnitTestAdapter, Microsoft.VisualStudio.QualityTools.Tips.UnitTest.Adapter, Version=9.0.0.0, Culture=neutral, PublicKeyToken=b03f5f7f11d50a3a" className="ReparatieSysteemTest.KlantTest, ReparatieSysteemTest" name="ToStringMetTussenvoegselTest" />
    </UnitTest>
    <UnitTest name="ToStringGeenTussenvoegselTest" storage="g:\niels reloe\downloads\school\p4\pts22\subversion\pts41grp2080903\pts22\reparatiesysteem\reparatiesysteemtest\bin\debug\reparatiesysteemtest.dll" id="b722dd6a-1c93-eefa-75c7-b59f6ec6f8bd">
      <Css projectStructure="" iteration="" />
      <Owners>
        <Owner name="" />
      </Owners>
      <Execution id="f708b300-6d2b-49b5-bd85-3d228651b40b" />
      <TestMethod codeBase="G:\Niels Reloe\Downloads\School\P4\PTS22\Subversion\pts41grp2080903\PTS22\ReparatieSysteem\ReparatieSysteemTest\bin\Debug\ReparatieSysteemTest.dll" adapterTypeName="Microsoft.VisualStudio.TestTools.TestTypes.Unit.UnitTestAdapter, Microsoft.VisualStudio.QualityTools.Tips.UnitTest.Adapter, Version=9.0.0.0, Culture=neutral, PublicKeyToken=b03f5f7f11d50a3a" className="ReparatieSysteemTest.KlantTest, ReparatieSysteemTest" name="ToStringGeenTussenvoegselTest" />
    </UnitTest>
  </TestDefinitions>
  <TestLists>
    <TestList name="Results Not in a List" id="8c84fa94-04c1-424b-9868-57a2d4851a1d" />
    <TestList name="All Loaded Results" id="19431567-8539-422a-85d7-44ee4e166bda" />
  </TestLists>
  <TestEntries>
    <TestEntry testId="5b9ecc0d-5801-74d8-1a5a-06011bab3682" executionId="3cf8fa8c-4304-477a-a7d9-9a922f9ecec5" testListId="8c84fa94-04c1-424b-9868-57a2d4851a1d" />
    <TestEntry testId="90c80d99-fb16-44d2-271c-0c5d14725a36" executionId="3e3b936c-9d2e-4432-97db-3cd59193cbe4" testListId="8c84fa94-04c1-424b-9868-57a2d4851a1d" />
    <TestEntry testId="5881433c-5b5c-6245-3983-840fce5d9a9c" executionId="4227d810-614b-485d-8b52-563a6f786aff" testListId="8c84fa94-04c1-424b-9868-57a2d4851a1d" />
    <TestEntry testId="2ec259d6-f749-b956-f7ae-e8b8b71e8ca3" executionId="84057c7c-698a-40ae-9bf2-3b9f1bcea48f" testListId="8c84fa94-04c1-424b-9868-57a2d4851a1d" />
    <TestEntry testId="b722dd6a-1c93-eefa-75c7-b59f6ec6f8bd" executionId="f708b300-6d2b-49b5-bd85-3d228651b40b" testListId="8c84fa94-04c1-424b-9868-57a2d4851a1d" />
    <TestEntry testId="95b3d186-9197-ac08-2a88-047d543b42d7" executionId="d8c8c23f-dde2-40c0-a62d-0b32c25868f5" testListId="8c84fa94-04c1-424b-9868-57a2d4851a1d" />
    <TestEntry testId="c8dbe165-9dfc-03fa-38da-dcb1682f2612" executionId="8fbb3f17-67d9-4d4e-a8a5-71a5e9eaff0b" testListId="8c84fa94-04c1-424b-9868-57a2d4851a1d" />
    <TestEntry testId="075b5c6c-876e-f86c-16ee-c18b2a8c751c" executionId="4d6dbe65-c149-471b-a0cf-d6d6712a4de5" testListId="8c84fa94-04c1-424b-9868-57a2d4851a1d" />
  </TestEntries>
  <Results>
    <UnitTestResult executionId="3cf8fa8c-4304-477a-a7d9-9a922f9ecec5" testId="5b9ecc0d-5801-74d8-1a5a-06011bab3682" testName="TelefoonTest" computerName="PC_VAN_NIELSREL" duration="00:00:00.0252798" startTime="2009-06-14T19:01:10.3016000+02:00" endTime="2009-06-14T19:01:11.0236000+02:00" testType="13cdc9d9-ddb5-4fa4-a97d-d965ccfc6d4b" outcome="Passed" testListId="8c84fa94-04c1-424b-9868-57a2d4851a1d">
      <Output>
      </Output>
    </UnitTestResult>
    <UnitTestResult executionId="3e3b936c-9d2e-4432-97db-3cd59193cbe4" testId="90c80d99-fb16-44d2-271c-0c5d14725a36" testName="LandTest" computerName="PC_VAN_NIELSREL" duration="00:00:00.0007381" startTime="2009-06-14T19:01:11.0536000+02:00" endTime="2009-06-14T19:01:11.0616000+02:00" testType="13cdc9d9-ddb5-4fa4-a97d-d965ccfc6d4b" outcome="Passed" testListId="8c84fa94-04c1-424b-9868-57a2d4851a1d">
      <Output>
      </Output>
    </UnitTestResult>
    <UnitTestResult executionId="4227d810-614b-485d-8b52-563a6f786aff" testId="5881433c-5b5c-6245-3983-840fce5d9a9c" testName="EmailTest" computerName="PC_VAN_NIELSREL" duration="00:00:00.0005765" startTime="2009-06-14T19:01:11.0686000+02:00" endTime="2009-06-14T19:01:11.0726000+02:00" testType="13cdc9d9-ddb5-4fa4-a97d-d965ccfc6d4b" outcome="Passed" testListId="8c84fa94-04c1-424b-9868-57a2d4851a1d">
      <Output>
      </Output>
    </UnitTestResult>
    <UnitTestResult executionId="84057c7c-698a-40ae-9bf2-3b9f1bcea48f" testId="2ec259d6-f749-b956-f7ae-e8b8b71e8ca3" testName="KlantConstructorTest" computerName="PC_VAN_NIELSREL" duration="00:00:00.1095748" startTime="2009-06-14T19:01:11.0786000+02:00" endTime="2009-06-14T19:01:11.1916000+02:00" testType="13cdc9d9-ddb5-4fa4-a97d-d965ccfc6d4b" outcome="Inconclusive" testListId="8c84fa94-04c1-424b-9868-57a2d4851a1d">
      <Output>
        <ErrorInfo>
          <Message>Assert.Inconclusive failed. TODO: Implement code to verify target</Message>
          <StackTrace>   bij ReparatieSysteemTest.KlantTest.KlantConstructorTest() in G:\Niels Reloe\Downloads\School\P4\PTS22\Subversion\pts41grp2080903\PTS22\ReparatieSysteem\ReparatieSysteemTest\KlantTest.cs:regel 206
</StackTrace>
        </ErrorInfo>
      </Output>
    </UnitTestResult>
    <UnitTestResult executionId="f708b300-6d2b-49b5-bd85-3d228651b40b" testId="b722dd6a-1c93-eefa-75c7-b59f6ec6f8bd" testName="ToStringGeenTussenvoegselTest" computerName="PC_VAN_NIELSREL" duration="00:00:00.0105340" startTime="2009-06-14T19:01:11.2056000+02:00" endTime="2009-06-14T19:01:11.2196000+02:00" testType="13cdc9d9-ddb5-4fa4-a97d-d965ccfc6d4b" outcome="Failed" testListId="8c84fa94-04c1-424b-9868-57a2d4851a1d">
      <Output>
        <ErrorInfo>
          <Message>Assert.AreEqual failed. Expected:&lt;0, Henk, Erp, Eindhoven&gt;. Actual:&lt;0, Henk, van, , Eindhoven&gt;. </Message>
          <StackTrace>   bij ReparatieSysteemTest.KlantTest.ToStringGeenTussenvoegselTest() in G:\Niels Reloe\Downloads\School\P4\PTS22\Subversion\pts41grp2080903\PTS22\ReparatieSysteem\ReparatieSysteemTest\KlantTest.cs:regel 161
</StackTrace>
        </ErrorInfo>
      </Output>
    </UnitTestResult>
    <UnitTestResult executionId="d8c8c23f-dde2-40c0-a62d-0b32c25868f5" testId="95b3d186-9197-ac08-2a88-047d543b42d7" testName="ToStringMetTussenvoegselTest" computerName="PC_VAN_NIELSREL" duration="00:00:00.0004601" startTime="2009-06-14T19:01:11.2296000+02:00" endTime="2009-06-14T19:01:11.2366000+02:00" testType="13cdc9d9-ddb5-4fa4-a97d-d965ccfc6d4b" outcome="Passed" testListId="8c84fa94-04c1-424b-9868-57a2d4851a1d">
      <Output>
      </Output>
    </UnitTestResult>
    <UnitTestResult executionId="8fbb3f17-67d9-4d4e-a8a5-71a5e9eaff0b" testId="c8dbe165-9dfc-03fa-38da-dcb1682f2612" testName="WijzigEnGetKlant1" computerName="PC_VAN_NIELSREL" duration="00:00:00.2671321" startTime="2009-06-14T19:01:11.2436000+02:00" endTime="2009-06-14T19:01:11.5156000+02:00" testType="13cdc9d9-ddb5-4fa4-a97d-d965ccfc6d4b" outcome="Failed" testListId="8c84fa94-04c1-424b-9868-57a2d4851a1d">
      <Output>
        <ErrorInfo>
          <Message>Test method ReparatieSysteemTest.ReparatieSysteemTest.WijzigEnGetKlant1 threw exception:  System.Exception: Voor System.Data.OracleClient is Oracle-clientsoftware versie 8.1.7 of hoger vereist..</Message>
          <StackTrace>    bij System.Data.OracleClient.OCI.DetermineClientVersion()
   bij System.Data.OracleClient.OracleInternalConnection.OpenOnLocalTransaction(String userName, String password, String serverName, Boolean integratedSecurity, Boolean unicode, Boolean omitOracleConnectionName)
   bij System.Data.OracleClient.OracleInternalConnection..ctor(OracleConnectionString connectionOptions)
   bij System.Data.OracleClient.OracleConnectionFactory.CreateConnection(DbConnectionOptions options, Object poolGroupProviderInfo, DbConnectionPool pool, DbConnection owningObject)
   bij System.Data.ProviderBase.DbConnectionFactory.CreatePooledConnection(DbConnection owningConnection, DbConnectionPool pool, DbConnectionOptions options)
   bij System.Data.ProviderBase.DbConnectionPool.CreateObject(DbConnection owningObject)
   bij System.Data.ProviderBase.DbConnectionPool.UserCreateRequest(DbConnection owningObject)
   bij System.Data.ProviderBase.DbConnectionPool.GetConnection(DbConnection owningObject)
   bij System.Data.ProviderBase.DbConnectionFactory.GetConnection(DbConnection owningConnection)
   bij System.Data.ProviderBase.DbConnectionClosed.OpenConnection(DbConnection outerConnection, DbConnectionFactory connectionFactory)
   bij System.Data.OracleClient.OracleConnection.Open()
   bij ReparatieSysteem.OracleDatabase.SaveKlant(String voornaam, String tussenvoegsel, String achternaam, String woonplaats, String postcode, String straatnaam, Int32 huisnummer, String email, String telefoon, String land) in G:\Niels Reloe\Downloads\School\P4\PTS22\Subversion\pts41grp2080903\PTS22\ReparatieSysteem\ReparatieSysteem\Database\OracleDatabase.cs:regel 642
   bij ReparatieSysteemTest.ReparatieSysteemTest.WijzigEnGetKlant1() in G:\Niels Reloe\Downloads\School\P4\PTS22\Subversion\pts41grp2080903\PTS22\ReparatieSysteem\ReparatieSysteemTest\ReparatieSysteemTest.cs:regel 67
</StackTrace>
        </ErrorInfo>
      </Output>
    </UnitTestResult>
    <UnitTestResult executionId="4d6dbe65-c149-471b-a0cf-d6d6712a4de5" testId="075b5c6c-876e-f86c-16ee-c18b2a8c751c" testName="WijzigEnGetKlant2" computerName="PC_VAN_NIELSREL" duration="00:00:00.0130802" startTime="2009-06-14T19:01:11.5246000+02:00" endTime="2009-06-14T19:01:11.5416000+02:00" testType="13cdc9d9-ddb5-4fa4-a97d-d965ccfc6d4b" outcome="Failed" testListId="8c84fa94-04c1-424b-9868-57a2d4851a1d">
      <Output>
        <ErrorInfo>
          <Message>Test method ReparatieSysteemTest.ReparatieSysteemTest.WijzigEnGetKlant2 threw exception:  System.Exception: Voor System.Data.OracleClient is Oracle-clientsoftware versie 8.1.7 of hoger vereist..</Message>
          <StackTrace>    bij System.Data.ProviderBase.DbConnectionPool.GetConnection(DbConnection owningObject)
   bij System.Data.ProviderBase.DbConnectionFactory.GetConnection(DbConnection owningConnection)
   bij System.Data.ProviderBase.DbConnectionClosed.OpenConnection(DbConnection outerConnection, DbConnectionFactory connectionFactory)
   bij System.Data.OracleClient.OracleConnection.Open()
   bij ReparatieSysteem.OracleDatabase.SaveKlant(String voornaam, String tussenvoegsel, String achternaam, String woonplaats, String postcode, String straatnaam, Int32 huisnummer, String email, String telefoon, String land) in G:\Niels Reloe\Downloads\School\P4\PTS22\Subversion\pts41grp2080903\PTS22\ReparatieSysteem\ReparatieSysteem\Database\OracleDatabase.cs:regel 642
   bij ReparatieSysteemTest.ReparatieSysteemTest.WijzigEnGetKlant2() in G:\Niels Reloe\Downloads\School\P4\PTS22\Subversion\pts41grp2080903\PTS22\ReparatieSysteem\ReparatieSysteemTest\ReparatieSysteemTest.cs:regel 79
</StackTrace>
        </ErrorInfo>
      </Output>
    </UnitTestResult>
  </Results>
</TestRun>